import org.junit.FixMethodOrder;
import org.junit.Test;
import org.junit.runners.MethodSorters;

@FixMethodOrder(MethodSorters.NAME_ASCENDING)
public class TestInputWithCommentsMinimized {

    // Test input with multiple single line comments above the method.
    // The minimizer should not remove these comments.
    @Test
    public void test1() throws Throwable {
        int j = 2;

        // Set j to 3.
        j = 3; // Additional comment.

        // Orphan comment that should remain if statement is not removed.
        // Assertion fails.
        org.junit.Assert.assertTrue(j == 2);
    }
}
